// Jest Snapshot v1, https://goo.gl/fbAQLP

exports[`<AppCheckBox /> toMatchSnapshot() 1`] = `ShallowWrapper {}`;
