// Jest Snapshot v1, https://goo.gl/fbAQLP

exports[`<AppDialog /> toMatchSnapshot() 1`] = `ShallowWrapper {}`;
