// Jest Snapshot v1, https://goo.gl/fbAQLP

exports[`<HomePage /> toMatchSnapshot() 1`] = `ShallowWrapper {}`;
