// Jest Snapshot v1, https://goo.gl/fbAQLP

exports[`<AppButton /> toMatchSnapshot() 1`] = `ShallowWrapper {}`;
