// Jest Snapshot v1, https://goo.gl/fbAQLP

exports[`<HeaderComponent /> toMatchSnapshot() 1`] = `ShallowWrapper {}`;
