// Jest Snapshot v1, https://goo.gl/fbAQLP

exports[`<MenuComponent /> toMatchSnapshot() 1`] = `ShallowWrapper {}`;
