// Jest Snapshot v1, https://goo.gl/fbAQLP

exports[`<AppSelect /> toMatchSnapshot() 1`] = `ShallowWrapper {}`;
