// Jest Snapshot v1, https://goo.gl/fbAQLP

exports[`<AppRadio /> toMatchSnapshot() 1`] = `ShallowWrapper {}`;
