// Jest Snapshot v1, https://goo.gl/fbAQLP

exports[`<TableCell /> toMatchSnapshot() 1`] = `ShallowWrapper {}`;
